<?xml version="1.0" encoding="ISO-8859-1" ?>
<link_info>
   <banner>TMS320C2000 Linker PC v20.2.4.LTS</banner>
   <copyright>Copyright (c) 1996-2018 Texas Instruments Incorporated</copyright>
   <link_time>0x61a32009</link_time>
   <link_errors>0x0</link_errors>
   <output_file>Lab10.out</output_file>
   <entry_point>
      <name>_c_int00</name>
      <address>0x9b5d</address>
   </entry_point>
   <input_file_list>
      <input_file id="fl-2">
         <path>.\</path>
         <kind>object</kind>
         <file>lab10.obj</file>
         <name>lab10.obj</name>
      </input_file>
      <input_file id="fl-3">
         <path>.\Common\</path>
         <kind>object</kind>
         <file>F2837xD_Adc.obj</file>
         <name>F2837xD_Adc.obj</name>
      </input_file>
      <input_file id="fl-4">
         <path>.\Common\</path>
         <kind>object</kind>
         <file>F2837xD_CodeStartBranch.obj</file>
         <name>F2837xD_CodeStartBranch.obj</name>
      </input_file>
      <input_file id="fl-5">
         <path>.\Common\</path>
         <kind>object</kind>
         <file>F2837xD_CpuTimers.obj</file>
         <name>F2837xD_CpuTimers.obj</name>
      </input_file>
      <input_file id="fl-6">
         <path>.\Common\</path>
         <kind>object</kind>
         <file>F2837xD_DBGIER.obj</file>
         <name>F2837xD_DBGIER.obj</name>
      </input_file>
      <input_file id="fl-7">
         <path>.\Common\</path>
         <kind>object</kind>
         <file>F2837xD_DefaultISR.obj</file>
         <name>F2837xD_DefaultISR.obj</name>
      </input_file>
      <input_file id="fl-8">
         <path>.\Common\</path>
         <kind>object</kind>
         <file>F2837xD_Dma.obj</file>
         <name>F2837xD_Dma.obj</name>
      </input_file>
      <input_file id="fl-9">
         <path>.\Common\</path>
         <kind>object</kind>
         <file>F2837xD_ECap.obj</file>
         <name>F2837xD_ECap.obj</name>
      </input_file>
      <input_file id="fl-a">
         <path>.\Common\</path>
         <kind>object</kind>
         <file>F2837xD_EPwm.obj</file>
         <name>F2837xD_EPwm.obj</name>
      </input_file>
      <input_file id="fl-b">
         <path>.\Common\</path>
         <kind>object</kind>
         <file>F2837xD_EQep.obj</file>
         <name>F2837xD_EQep.obj</name>
      </input_file>
      <input_file id="fl-c">
         <path>.\Common\</path>
         <kind>object</kind>
         <file>F2837xD_Emif.obj</file>
         <name>F2837xD_Emif.obj</name>
      </input_file>
      <input_file id="fl-d">
         <path>.\Common\</path>
         <kind>object</kind>
         <file>F2837xD_Gpio.obj</file>
         <name>F2837xD_Gpio.obj</name>
      </input_file>
      <input_file id="fl-e">
         <path>.\Common\</path>
         <kind>object</kind>
         <file>F2837xD_I2C.obj</file>
         <name>F2837xD_I2C.obj</name>
      </input_file>
      <input_file id="fl-f">
         <path>.\Common\</path>
         <kind>object</kind>
         <file>F2837xD_Ipc.obj</file>
         <name>F2837xD_Ipc.obj</name>
      </input_file>
      <input_file id="fl-10">
         <path>.\Common\</path>
         <kind>object</kind>
         <file>F2837xD_Ipc_Driver.obj</file>
         <name>F2837xD_Ipc_Driver.obj</name>
      </input_file>
      <input_file id="fl-11">
         <path>.\Common\</path>
         <kind>object</kind>
         <file>F2837xD_Ipc_Driver_Lite.obj</file>
         <name>F2837xD_Ipc_Driver_Lite.obj</name>
      </input_file>
      <input_file id="fl-12">
         <path>.\Common\</path>
         <kind>object</kind>
         <file>F2837xD_Ipc_Driver_Util.obj</file>
         <name>F2837xD_Ipc_Driver_Util.obj</name>
      </input_file>
      <input_file id="fl-13">
         <path>.\Common\</path>
         <kind>object</kind>
         <file>F2837xD_Mcbsp.obj</file>
         <name>F2837xD_Mcbsp.obj</name>
      </input_file>
      <input_file id="fl-14">
         <path>.\Common\</path>
         <kind>object</kind>
         <file>F2837xD_PieCtrl.obj</file>
         <name>F2837xD_PieCtrl.obj</name>
      </input_file>
      <input_file id="fl-15">
         <path>.\Common\</path>
         <kind>object</kind>
         <file>F2837xD_PieVect.obj</file>
         <name>F2837xD_PieVect.obj</name>
      </input_file>
      <input_file id="fl-16">
         <path>.\Common\</path>
         <kind>object</kind>
         <file>F2837xD_Sci.obj</file>
         <name>F2837xD_Sci.obj</name>
      </input_file>
      <input_file id="fl-17">
         <path>.\Common\</path>
         <kind>object</kind>
         <file>F2837xD_Spi.obj</file>
         <name>F2837xD_Spi.obj</name>
      </input_file>
      <input_file id="fl-18">
         <path>.\Common\</path>
         <kind>object</kind>
         <file>F2837xD_SysCtrl.obj</file>
         <name>F2837xD_SysCtrl.obj</name>
      </input_file>
      <input_file id="fl-19">
         <path>.\Common\</path>
         <kind>object</kind>
         <file>F2837xD_TempSensorConv.obj</file>
         <name>F2837xD_TempSensorConv.obj</name>
      </input_file>
      <input_file id="fl-1a">
         <path>.\Common\</path>
         <kind>object</kind>
         <file>F2837xD_Upp.obj</file>
         <name>F2837xD_Upp.obj</name>
      </input_file>
      <input_file id="fl-1b">
         <path>.\Common\</path>
         <kind>object</kind>
         <file>F2837xD_can.obj</file>
         <name>F2837xD_can.obj</name>
      </input_file>
      <input_file id="fl-1c">
         <path>.\Common\</path>
         <kind>object</kind>
         <file>F2837xD_sci_io.obj</file>
         <name>F2837xD_sci_io.obj</name>
      </input_file>
      <input_file id="fl-1d">
         <path>.\Common\</path>
         <kind>object</kind>
         <file>F2837xD_sdfm_drivers.obj</file>
         <name>F2837xD_sdfm_drivers.obj</name>
      </input_file>
      <input_file id="fl-1e">
         <path>.\Common\</path>
         <kind>object</kind>
         <file>F2837xD_struct.obj</file>
         <name>F2837xD_struct.obj</name>
      </input_file>
      <input_file id="fl-1f">
         <path>.\Common\</path>
         <kind>object</kind>
         <file>F2837xD_usDelay.obj</file>
         <name>F2837xD_usDelay.obj</name>
      </input_file>
      <input_file id="fl-20">
         <path>.\Common\</path>
         <kind>object</kind>
         <file>device.obj</file>
         <name>device.obj</name>
      </input_file>
      <input_file id="fl-21">
         <path>.\Header\</path>
         <kind>object</kind>
         <file>F2837xD_GlobalVariableDefs.obj</file>
         <name>F2837xD_GlobalVariableDefs.obj</name>
      </input_file>
      <input_file id="fl-22">
         <path>.\TI_FFT\</path>
         <kind>object</kind>
         <file>CFFT_f32_mag_TMU0.obj</file>
         <name>CFFT_f32_mag_TMU0.obj</name>
      </input_file>
      <input_file id="fl-23">
         <path>.\TI_FFT\</path>
         <kind>object</kind>
         <file>CFFT_f32_twiddleFactors.obj</file>
         <name>CFFT_f32_twiddleFactors.obj</name>
      </input_file>
      <input_file id="fl-24">
         <path>.\TI_FFT\</path>
         <kind>object</kind>
         <file>CFFT_f32t.obj</file>
         <name>CFFT_f32t.obj</name>
      </input_file>
      <input_file id="fl-25">
         <path>.\TI_FFT\</path>
         <kind>object</kind>
         <file>ICFFT_f32t.obj</file>
         <name>ICFFT_f32t.obj</name>
      </input_file>
      <input_file id="fl-26">
         <path>.\TI_FFT\</path>
         <kind>object</kind>
         <file>RFFT_f32_win.obj</file>
         <name>RFFT_f32_win.obj</name>
      </input_file>
      <input_file id="fl-27">
         <path>.\TI_FFT\</path>
         <kind>object</kind>
         <file>cfft_f32_pack.obj</file>
         <name>cfft_f32_pack.obj</name>
      </input_file>
      <input_file id="fl-28">
         <path>.\TI_FFT\</path>
         <kind>object</kind>
         <file>cfft_f32_unpack.obj</file>
         <name>cfft_f32_unpack.obj</name>
      </input_file>
      <input_file id="fl-29">
         <path>.\TI_FFT\</path>
         <kind>object</kind>
         <file>maxidx_SP_RV_2.obj</file>
         <name>maxidx_SP_RV_2.obj</name>
      </input_file>
      <input_file id="fl-2a">
         <path>.\TI_FFT\</path>
         <kind>object</kind>
         <file>memcpy_fast.obj</file>
         <name>memcpy_fast.obj</name>
      </input_file>
      <input_file id="fl-2b">
         <path>.\TI_FFT\</path>
         <kind>object</kind>
         <file>memset_fast.obj</file>
         <name>memset_fast.obj</name>
      </input_file>
      <input_file id="fl-2c">
         <path>.\circ_buffer\</path>
         <kind>object</kind>
         <file>circ_buffer.obj</file>
         <name>circ_buffer.obj</name>
      </input_file>
      <input_file id="fl-2d">
         <path>.\launchpad_drivers\</path>
         <kind>object</kind>
         <file>AIC23.obj</file>
         <name>AIC23.obj</name>
      </input_file>
      <input_file id="fl-2e">
         <path>.\launchpad_drivers\</path>
         <kind>object</kind>
         <file>DMA_driver.obj</file>
         <name>DMA_driver.obj</name>
      </input_file>
      <input_file id="fl-2f">
         <path>.\launchpad_drivers\</path>
         <kind>object</kind>
         <file>LCD_driver.obj</file>
         <name>LCD_driver.obj</name>
      </input_file>
      <input_file id="fl-30">
         <path>.\launchpad_drivers\</path>
         <kind>object</kind>
         <file>LED_Input_driver.obj</file>
         <name>LED_Input_driver.obj</name>
      </input_file>
      <input_file id="fl-31">
         <path>.\launchpad_drivers\</path>
         <kind>object</kind>
         <file>OneToOneI2CDriver.obj</file>
         <name>OneToOneI2CDriver.obj</name>
      </input_file>
      <input_file id="fl-32">
         <path>.\launchpad_drivers\</path>
         <kind>object</kind>
         <file>SRAM_driver.obj</file>
         <name>SRAM_driver.obj</name>
      </input_file>
      <input_file id="fl-33">
         <path>.\launchpad_drivers\</path>
         <kind>object</kind>
         <file>initAIC23.obj</file>
         <name>initAIC23.obj</name>
      </input_file>
      <input_file id="fl-34">
         <path>.\launchpad_drivers\</path>
         <kind>object</kind>
         <file>launchpad_drivers.obj</file>
         <name>launchpad_drivers.obj</name>
      </input_file>
      <input_file id="fl-39">
         <kind>object</kind>
         <file>&lt;internal&gt;</file>
         <name>&lt;internal&gt;</name>
      </input_file>
      <input_file id="fl-45">
         <path>C:\ti\ccs1011\ccs\tools\compiler\ti-cgt-c2000_20.2.4.LTS\lib\</path>
         <kind>archive</kind>
         <file>rts2800_fpu32.lib</file>
         <name>boot28.asm.obj</name>
      </input_file>
      <input_file id="fl-46">
         <path>C:\ti\ccs1011\ccs\tools\compiler\ti-cgt-c2000_20.2.4.LTS\lib\</path>
         <kind>archive</kind>
         <file>rts2800_fpu32.lib</file>
         <name>ll_aox28.asm.obj</name>
      </input_file>
      <input_file id="fl-47">
         <path>C:\ti\ccs1011\ccs\tools\compiler\ti-cgt-c2000_20.2.4.LTS\lib\</path>
         <kind>archive</kind>
         <file>rts2800_fpu32.lib</file>
         <name>cpy_tbl.c.obj</name>
      </input_file>
      <input_file id="fl-48">
         <path>C:\ti\ccs1011\ccs\tools\compiler\ti-cgt-c2000_20.2.4.LTS\lib\</path>
         <kind>archive</kind>
         <file>rts2800_fpu32.lib</file>
         <name>memcpy.c.obj</name>
      </input_file>
      <input_file id="fl-49">
         <path>C:\ti\ccs1011\ccs\tools\compiler\ti-cgt-c2000_20.2.4.LTS\lib\</path>
         <kind>archive</kind>
         <file>rts2800_fpu32.lib</file>
         <name>pre_init.c.obj</name>
      </input_file>
      <input_file id="fl-4a">
         <path>C:\ti\ccs1011\ccs\tools\compiler\ti-cgt-c2000_20.2.4.LTS\lib\</path>
         <kind>archive</kind>
         <file>rts2800_fpu32.lib</file>
         <name>startup.c.obj</name>
      </input_file>
      <input_file id="fl-4b">
         <path>C:\ti\ccs1011\ccs\tools\compiler\ti-cgt-c2000_20.2.4.LTS\lib\</path>
         <kind>archive</kind>
         <file>rts2800_fpu32.lib</file>
         <name>exit.c.obj</name>
      </input_file>
      <input_file id="fl-4c">
         <path>C:\ti\ccs1011\ccs\tools\compiler\ti-cgt-c2000_20.2.4.LTS\lib\</path>
         <kind>archive</kind>
         <file>rts2800_fpu32.lib</file>
         <name>_lock.c.obj</name>
      </input_file>
      <input_file id="fl-4d">
         <path>C:\ti\ccs1011\ccs\tools\compiler\ti-cgt-c2000_20.2.4.LTS\lib\</path>
         <kind>archive</kind>
         <file>rts2800_fpu32.lib</file>
         <name>args_main.c.obj</name>
      </input_file>
      <input_file id="fl-4e">
         <path>C:\ti\ccs1011\ccs\tools\compiler\ti-cgt-c2000_20.2.4.LTS\lib\</path>
         <kind>archive</kind>
         <file>rts2800_fpu32.lib</file>
         <name>memset.c.obj</name>
      </input_file>
   </input_file_list>
   <object_component_list>
      <object_component id="oc-b2">
         <name>codestart</name>
         <load_address>0x0</load_address>
         <run_address>0x0</run_address>
         <size>0x2</size>
         <input_file_ref idref="fl-4"/>
      </object_component>
      <object_component id="oc-26a">
         <name>.text</name>
         <load_address>0x8000</load_address>
         <run_address>0x8000</run_address>
         <size>0x4aa</size>
         <input_file_ref idref="fl-18"/>
      </object_component>
      <object_component id="oc-26e">
         <name>.text</name>
         <load_address>0x84aa</load_address>
         <run_address>0x84aa</run_address>
         <size>0x33d</size>
         <input_file_ref idref="fl-33"/>
      </object_component>
      <object_component id="oc-224">
         <name>.text</name>
         <load_address>0x87e7</load_address>
         <run_address>0x87e7</run_address>
         <size>0x18</size>
         <input_file_ref idref="fl-46"/>
      </object_component>
      <object_component id="oc-255">
         <name>.text</name>
         <load_address>0x87ff</load_address>
         <run_address>0x87ff</run_address>
         <size>0x1</size>
         <input_file_ref idref="fl-4a"/>
      </object_component>
      <object_component id="oc-25a">
         <name>.text</name>
         <load_address>0x8800</load_address>
         <run_address>0x8800</run_address>
         <size>0x404</size>
         <input_file_ref idref="fl-8"/>
      </object_component>
      <object_component id="oc-267">
         <name>.text</name>
         <load_address>0x8c04</load_address>
         <run_address>0x8c04</run_address>
         <size>0x3fa</size>
         <input_file_ref idref="fl-2"/>
      </object_component>
      <object_component id="oc-270">
         <name>.text</name>
         <load_address>0x9000</load_address>
         <run_address>0x9000</run_address>
         <size>0x316</size>
         <input_file_ref idref="fl-32"/>
      </object_component>
      <object_component id="oc-278">
         <name>.text</name>
         <load_address>0x9316</load_address>
         <run_address>0x9316</run_address>
         <size>0x1b8</size>
         <input_file_ref idref="fl-13"/>
      </object_component>
      <object_component id="oc-1c7">
         <name>.text</name>
         <load_address>0x94ce</load_address>
         <run_address>0x94ce</run_address>
         <size>0x1a1</size>
         <input_file_ref idref="fl-24"/>
      </object_component>
      <object_component id="oc-1cd">
         <name>.text</name>
         <load_address>0x9670</load_address>
         <run_address>0x9670</run_address>
         <size>0x179</size>
         <input_file_ref idref="fl-25"/>
      </object_component>
      <object_component id="oc-256">
         <name>.text</name>
         <load_address>0x97e9</load_address>
         <run_address>0x97e9</run_address>
         <size>0x12</size>
         <input_file_ref idref="fl-4d"/>
      </object_component>
      <object_component id="oc-26f">
         <name>.text</name>
         <load_address>0x9800</load_address>
         <run_address>0x9800</run_address>
         <size>0xab</size>
         <input_file_ref idref="fl-30"/>
      </object_component>
      <object_component id="oc-a7">
         <name>.text:retain</name>
         <load_address>0x98ab</load_address>
         <run_address>0x98ab</run_address>
         <size>0xa2</size>
         <input_file_ref idref="fl-2"/>
      </object_component>
      <object_component id="oc-274">
         <name>.text</name>
         <load_address>0x994d</load_address>
         <run_address>0x994d</run_address>
         <size>0xa0</size>
         <input_file_ref idref="fl-31"/>
      </object_component>
      <object_component id="oc-25b">
         <name>.text</name>
         <load_address>0x99ed</load_address>
         <run_address>0x99ed</run_address>
         <size>0x89</size>
         <input_file_ref idref="fl-2c"/>
      </object_component>
      <object_component id="oc-275">
         <name>.text</name>
         <load_address>0x9a76</load_address>
         <run_address>0x9a76</run_address>
         <size>0x81</size>
         <input_file_ref idref="fl-2f"/>
      </object_component>
      <object_component id="oc-1dd">
         <name>.text</name>
         <load_address>0x9af8</load_address>
         <run_address>0x9af8</run_address>
         <size>0x65</size>
         <input_file_ref idref="fl-28"/>
      </object_component>
      <object_component id="oc-9b">
         <name>.text</name>
         <load_address>0x9b5d</load_address>
         <run_address>0x9b5d</run_address>
         <size>0x56</size>
         <input_file_ref idref="fl-45"/>
      </object_component>
      <object_component id="oc-1d8">
         <name>.text</name>
         <load_address>0x9bb4</load_address>
         <run_address>0x9bb4</run_address>
         <size>0x51</size>
         <input_file_ref idref="fl-27"/>
      </object_component>
      <object_component id="oc-1c1">
         <name>.text</name>
         <load_address>0x9c06</load_address>
         <run_address>0x9c06</run_address>
         <size>0x49</size>
         <input_file_ref idref="fl-22"/>
      </object_component>
      <object_component id="oc-277">
         <name>.text</name>
         <load_address>0x9c4f</load_address>
         <run_address>0x9c4f</run_address>
         <size>0x48</size>
         <input_file_ref idref="fl-2d"/>
      </object_component>
      <object_component id="oc-26c">
         <name>.text</name>
         <load_address>0x9c97</load_address>
         <run_address>0x9c97</run_address>
         <size>0x48</size>
         <input_file_ref idref="fl-2e"/>
      </object_component>
      <object_component id="oc-26d">
         <name>.text</name>
         <load_address>0x9cdf</load_address>
         <run_address>0x9cdf</run_address>
         <size>0x28</size>
         <input_file_ref idref="fl-14"/>
      </object_component>
      <object_component id="oc-276">
         <name>.text</name>
         <load_address>0x9d07</load_address>
         <run_address>0x9d07</run_address>
         <size>0x26</size>
         <input_file_ref idref="fl-15"/>
      </object_component>
      <object_component id="oc-1d3">
         <name>.text</name>
         <load_address>0x9d2e</load_address>
         <run_address>0x9d2e</run_address>
         <size>0x25</size>
         <input_file_ref idref="fl-26"/>
      </object_component>
      <object_component id="oc-26b">
         <name>.text</name>
         <load_address>0x9d53</load_address>
         <run_address>0x9d53</run_address>
         <size>0x24</size>
         <input_file_ref idref="fl-34"/>
      </object_component>
      <object_component id="oc-254">
         <name>.text</name>
         <load_address>0x9d77</load_address>
         <run_address>0x9d77</run_address>
         <size>0x24</size>
         <input_file_ref idref="fl-47"/>
      </object_component>
      <object_component id="oc-266">
         <name>.text</name>
         <load_address>0x9d9b</load_address>
         <run_address>0x9d9b</run_address>
         <size>0x1d</size>
         <input_file_ref idref="fl-48"/>
      </object_component>
      <object_component id="oc-1e2">
         <name>.text</name>
         <load_address>0x9db8</load_address>
         <run_address>0x9db8</run_address>
         <size>0x1c</size>
         <input_file_ref idref="fl-29"/>
      </object_component>
      <object_component id="oc-b1">
         <name>.text</name>
         <load_address>0x9dd4</load_address>
         <run_address>0x9dd4</run_address>
         <size>0x8</size>
         <input_file_ref idref="fl-4"/>
      </object_component>
      <object_component id="oc-1e7">
         <name>.text</name>
         <load_address>0x9ddc</load_address>
         <run_address>0x9ddc</run_address>
         <size>0x7</size>
         <input_file_ref idref="fl-2a"/>
      </object_component>
      <object_component id="oc-1ec">
         <name>.text</name>
         <load_address>0x9de3</load_address>
         <run_address>0x9de3</run_address>
         <size>0x6</size>
         <input_file_ref idref="fl-2b"/>
      </object_component>
      <object_component id="oc-c3">
         <name>.text:retain</name>
         <load_address>0xb000</load_address>
         <run_address>0xb000</run_address>
         <size>0x585</size>
         <input_file_ref idref="fl-7"/>
      </object_component>
      <object_component id="oc-273">
         <name>.text</name>
         <load_address>0xb585</load_address>
         <run_address>0xb585</run_address>
         <size>0x244</size>
         <input_file_ref idref="fl-d"/>
      </object_component>
      <object_component id="oc-257">
         <name>.text</name>
         <load_address>0xb7c9</load_address>
         <run_address>0xb7c9</run_address>
         <size>0x29</size>
         <input_file_ref idref="fl-4b"/>
      </object_component>
      <object_component id="oc-271">
         <name>.text</name>
         <load_address>0xb7f2</load_address>
         <run_address>0xb7f2</run_address>
         <size>0x9</size>
         <input_file_ref idref="fl-4c"/>
      </object_component>
      <object_component id="oc-bd">
         <name>.text</name>
         <load_address>0xb7fb</load_address>
         <run_address>0xb7fb</run_address>
         <size>0x3</size>
         <input_file_ref idref="fl-6"/>
      </object_component>
      <object_component id="oc-253">
         <name>.text</name>
         <load_address>0xb7fe</load_address>
         <run_address>0xb7fe</run_address>
         <size>0x2</size>
         <input_file_ref idref="fl-49"/>
      </object_component>
      <object_component id="oc-17a">
         <name>.cinit:_TRIP_SEL</name>
         <load_address>0x123</load_address>
         <run_address>0x123</run_address>
         <size>0x21</size>
         <input_file_ref idref="fl-1e"/>
      </object_component>
      <object_component id="oc-9d">
         <name>.cinit</name>
         <load_address>0x144</load_address>
         <run_address>0x144</run_address>
         <size>0x20</size>
         <input_file_ref idref="fl-2"/>
      </object_component>
      <object_component id="oc-1aa">
         <name>.cinit:_EPWM</name>
         <load_address>0x164</load_address>
         <run_address>0x164</run_address>
         <size>0x1d</size>
         <input_file_ref idref="fl-1e"/>
      </object_component>
      <object_component id="oc-16a">
         <name>.cinit:_ECAP</name>
         <load_address>0x181</load_address>
         <run_address>0x181</run_address>
         <size>0x11</size>
         <input_file_ref idref="fl-1e"/>
      </object_component>
      <object_component id="oc-144">
         <name>.cinit</name>
         <load_address>0x192</load_address>
         <run_address>0x192</run_address>
         <size>0xf</size>
         <input_file_ref idref="fl-20"/>
      </object_component>
      <object_component id="oc-23e">
         <name>.cinit</name>
         <load_address>0x1a1</load_address>
         <run_address>0x1a1</run_address>
         <size>0xe</size>
         <input_file_ref idref="fl-4b"/>
      </object_component>
      <object_component id="oc-1a3">
         <name>.cinit:_ADC</name>
         <load_address>0x1af</load_address>
         <run_address>0x1af</run_address>
         <size>0xd</size>
         <input_file_ref idref="fl-1e"/>
      </object_component>
      <object_component id="oc-17e">
         <name>.cinit:_EQEP</name>
         <load_address>0x1bc</load_address>
         <run_address>0x1bc</run_address>
         <size>0xb</size>
         <input_file_ref idref="fl-1e"/>
      </object_component>
      <object_component id="oc-161">
         <name>.cinit:_SPI</name>
         <load_address>0x1c7</load_address>
         <run_address>0x1c7</run_address>
         <size>0xb</size>
         <input_file_ref idref="fl-1e"/>
      </object_component>
      <object_component id="oc-19e">
         <name>.cinit:_SDFM</name>
         <load_address>0x1d2</load_address>
         <run_address>0x1d2</run_address>
         <size>0x9</size>
         <input_file_ref idref="fl-1e"/>
      </object_component>
      <object_component id="oc-182">
         <name>.cinit:_I2C</name>
         <load_address>0x1db</load_address>
         <run_address>0x1db</run_address>
         <size>0x7</size>
         <input_file_ref idref="fl-1e"/>
      </object_component>
      <object_component id="oc-186">
         <name>.cinit:_MCBSP</name>
         <load_address>0x1e2</load_address>
         <run_address>0x1e2</run_address>
         <size>0x7</size>
         <input_file_ref idref="fl-1e"/>
      </object_component>
      <object_component id="oc-15c">
         <name>.cinit:_SCI</name>
         <load_address>0x1e9</load_address>
         <run_address>0x1e9</run_address>
         <size>0x7</size>
         <input_file_ref idref="fl-1e"/>
      </object_component>
      <object_component id="oc-259">
         <name>.cinit:_buff_full</name>
         <load_address>0x1f0</load_address>
         <run_address>0x1f0</run_address>
         <size>0x7</size>
         <input_file_ref idref="fl-2"/>
      </object_component>
      <object_component id="oc-269">
         <name>.cinit:__lock</name>
         <load_address>0x1f7</load_address>
         <run_address>0x1f7</run_address>
         <size>0x5</size>
         <input_file_ref idref="fl-4c"/>
      </object_component>
      <object_component id="oc-272">
         <name>.cinit:__unlock</name>
         <load_address>0x1fc</load_address>
         <run_address>0x1fc</run_address>
         <size>0x5</size>
         <input_file_ref idref="fl-4c"/>
      </object_component>
      <object_component id="oc-131">
         <name>.cinit</name>
         <load_address>0x201</load_address>
         <run_address>0x201</run_address>
         <size>0x4</size>
         <input_file_ref idref="fl-1c"/>
      </object_component>
      <object_component id="oc-21f">
         <name>.reset</name>
         <load_address>0x3fffc0</load_address>
         <run_address>0x3fffc0</run_address>
         <size>0x2</size>
         <input_file_ref idref="fl-45"/>
      </object_component>
      <object_component id="oc-21e">
         <name>.stack</name>
         <uninitialized>true</uninitialized>
         <run_address>0x400</run_address>
         <size>0x0</size>
         <input_file_ref idref="fl-45"/>
      </object_component>
      <object_component id="oc-31c">
         <name>.stack</name>
         <uninitialized>true</uninitialized>
         <run_address>0x400</run_address>
         <size>0x0</size>
      </object_component>
      <object_component id="oc-1c6">
         <name>FPUfftTables</name>
         <load_address>0x10000</load_address>
         <run_address>0x10000</run_address>
         <size>0x600</size>
         <input_file_ref idref="fl-23"/>
      </object_component>
      <object_component id="oc-a0">
         <name>CFFTdata1</name>
         <uninitialized>true</uninitialized>
         <run_address>0x12000</run_address>
         <size>0x404</size>
         <input_file_ref idref="fl-2"/>
      </object_component>
      <object_component id="oc-a1">
         <name>CFFTdata2</name>
         <uninitialized>true</uninitialized>
         <run_address>0x13000</run_address>
         <size>0x404</size>
         <input_file_ref idref="fl-2"/>
      </object_component>
      <object_component id="oc-a2">
         <name>CFFTdata3</name>
         <uninitialized>true</uninitialized>
         <run_address>0x17000</run_address>
         <size>0x404</size>
         <input_file_ref idref="fl-2"/>
      </object_component>
      <object_component id="oc-a3">
         <name>CFFTdata4</name>
         <uninitialized>true</uninitialized>
         <run_address>0x18000</run_address>
         <size>0x404</size>
         <input_file_ref idref="fl-2"/>
      </object_component>
      <object_component id="oc-9e">
         <name>.ebss</name>
         <uninitialized>true</uninitialized>
         <run_address>0xa9c6</run_address>
         <size>0x30</size>
         <input_file_ref idref="fl-2"/>
      </object_component>
      <object_component id="oc-258">
         <name>.ebss:_buff_full</name>
         <uninitialized>true</uninitialized>
         <run_address>0xaaba</run_address>
         <size>0x4</size>
         <input_file_ref idref="fl-2"/>
      </object_component>
      <object_component id="oc-b8">
         <name>.ebss</name>
         <uninitialized>true</uninitialized>
         <run_address>0xaa40</run_address>
         <size>0x18</size>
         <input_file_ref idref="fl-5"/>
      </object_component>
      <object_component id="oc-121">
         <name>.ebss</name>
         <uninitialized>true</uninitialized>
         <run_address>0xaa96</run_address>
         <size>0x6</size>
         <input_file_ref idref="fl-19"/>
      </object_component>
      <object_component id="oc-132">
         <name>.ebss</name>
         <uninitialized>true</uninitialized>
         <run_address>0xaac2</run_address>
         <size>0x1</size>
         <input_file_ref idref="fl-1c"/>
      </object_component>
      <object_component id="oc-261">
         <name>.ebss:_I2C</name>
         <uninitialized>true</uninitialized>
         <run_address>0xaaae</run_address>
         <size>0x4</size>
         <input_file_ref idref="fl-1e"/>
      </object_component>
      <object_component id="oc-262">
         <name>.ebss:_MCBSP</name>
         <uninitialized>true</uninitialized>
         <run_address>0xaab2</run_address>
         <size>0x4</size>
         <input_file_ref idref="fl-1e"/>
      </object_component>
      <object_component id="oc-25c">
         <name>.ebss:_SCI</name>
         <uninitialized>true</uninitialized>
         <run_address>0xaab6</run_address>
         <size>0x4</size>
         <input_file_ref idref="fl-1e"/>
      </object_component>
      <object_component id="oc-263">
         <name>.ebss:_SDFM</name>
         <uninitialized>true</uninitialized>
         <run_address>0xaa9c</run_address>
         <size>0x6</size>
         <input_file_ref idref="fl-1e"/>
      </object_component>
      <object_component id="oc-260">
         <name>.ebss:_EQEP</name>
         <uninitialized>true</uninitialized>
         <run_address>0xaa38</run_address>
         <size>0x8</size>
         <input_file_ref idref="fl-1e"/>
      </object_component>
      <object_component id="oc-25d">
         <name>.ebss:_SPI</name>
         <uninitialized>true</uninitialized>
         <run_address>0xaa8e</run_address>
         <size>0x8</size>
         <input_file_ref idref="fl-1e"/>
      </object_component>
      <object_component id="oc-264">
         <name>.ebss:_ADC</name>
         <uninitialized>true</uninitialized>
         <run_address>0xa9f6</run_address>
         <size>0xa</size>
         <input_file_ref idref="fl-1e"/>
      </object_component>
      <object_component id="oc-25e">
         <name>.ebss:_ECAP</name>
         <uninitialized>true</uninitialized>
         <run_address>0xaa80</run_address>
         <size>0xe</size>
         <input_file_ref idref="fl-1e"/>
      </object_component>
      <object_component id="oc-265">
         <name>.ebss:_EPWM</name>
         <uninitialized>true</uninitialized>
         <run_address>0xaa1e</run_address>
         <size>0x1a</size>
         <input_file_ref idref="fl-1e"/>
      </object_component>
      <object_component id="oc-25f">
         <name>.ebss:_TRIP_SEL</name>
         <uninitialized>true</uninitialized>
         <run_address>0xaa00</run_address>
         <size>0x1e</size>
         <input_file_ref idref="fl-1e"/>
      </object_component>
      <object_component id="oc-145">
         <name>.ebss</name>
         <uninitialized>true</uninitialized>
         <run_address>0xaaa2</run_address>
         <size>0x6</size>
         <input_file_ref idref="fl-20"/>
      </object_component>
      <object_component id="oc-1c8">
         <name>.ebss</name>
         <uninitialized>true</uninitialized>
         <run_address>0xaa58</run_address>
         <size>0x14</size>
         <input_file_ref idref="fl-24"/>
      </object_component>
      <object_component id="oc-1ce">
         <name>.ebss</name>
         <uninitialized>true</uninitialized>
         <run_address>0xaa6c</run_address>
         <size>0x14</size>
         <input_file_ref idref="fl-25"/>
      </object_component>
      <object_component id="oc-23f">
         <name>.ebss</name>
         <uninitialized>true</uninitialized>
         <run_address>0xaaa8</run_address>
         <size>0x6</size>
         <input_file_ref idref="fl-4b"/>
      </object_component>
      <object_component id="oc-268">
         <name>.ebss:__lock</name>
         <uninitialized>true</uninitialized>
         <run_address>0xaabe</run_address>
         <size>0x2</size>
         <input_file_ref idref="fl-4c"/>
      </object_component>
      <object_component id="oc-279">
         <name>.ebss:__unlock</name>
         <uninitialized>true</uninitialized>
         <run_address>0xaac0</run_address>
         <size>0x2</size>
         <input_file_ref idref="fl-4c"/>
      </object_component>
      <object_component id="oc-27b">
         <name>.econst:_PieVectTableInit</name>
         <load_address>0xa800</load_address>
         <run_address>0xa800</run_address>
         <size>0x1c0</size>
         <input_file_ref idref="fl-15"/>
      </object_component>
      <object_component id="oc-27a">
         <name>.econst:_$P$T0$1</name>
         <load_address>0xa9c0</load_address>
         <run_address>0xa9c0</run_address>
         <size>0x5</size>
         <input_file_ref idref="fl-2f"/>
      </object_component>
      <object_component id="oc-a5">
         <name>ramgs0</name>
         <uninitialized>true</uninitialized>
         <run_address>0xc000</run_address>
         <size>0x800</size>
         <input_file_ref idref="fl-2"/>
      </object_component>
      <object_component id="oc-a4">
         <name>ramgs1</name>
         <uninitialized>true</uninitialized>
         <run_address>0xd000</run_address>
         <size>0x800</size>
         <input_file_ref idref="fl-2"/>
      </object_component>
      <object_component id="oc-a6">
         <name>ramgs2</name>
         <uninitialized>true</uninitialized>
         <run_address>0xe000</run_address>
         <size>0x1000</size>
         <input_file_ref idref="fl-2"/>
      </object_component>
      <object_component id="oc-9f">
         <name>ramgs3</name>
         <load_address>0xf000</load_address>
         <run_address>0xf000</run_address>
         <size>0x200</size>
         <input_file_ref idref="fl-2"/>
      </object_component>
      <object_component id="oc-13e">
         <name>.TI.ramfunc</name>
         <load_address>0x207</load_address>
         <run_address>0x207</run_address>
         <size>0x4</size>
         <input_file_ref idref="fl-1f"/>
      </object_component>
      <object_component id="oc-f5">
         <name>PUTBUFFER</name>
         <uninitialized>true</uninitialized>
         <run_address>0x3fc00</run_address>
         <size>0x80</size>
         <input_file_ref idref="fl-10"/>
      </object_component>
      <object_component id="oc-f1">
         <name>PUTWRITEIDX</name>
         <uninitialized>true</uninitialized>
         <run_address>0x3fc80</run_address>
         <size>0x4</size>
         <input_file_ref idref="fl-10"/>
      </object_component>
      <object_component id="oc-f4">
         <name>GETREADIDX</name>
         <uninitialized>true</uninitialized>
         <run_address>0x3fc84</run_address>
         <size>0x4</size>
         <input_file_ref idref="fl-10"/>
      </object_component>
      <object_component id="oc-f6">
         <name>GETBUFFER</name>
         <uninitialized>true</uninitialized>
         <run_address>0x3f800</run_address>
         <size>0x80</size>
         <input_file_ref idref="fl-10"/>
      </object_component>
      <object_component id="oc-f3">
         <name>GETWRITEIDX</name>
         <uninitialized>true</uninitialized>
         <run_address>0x3f880</run_address>
         <size>0x4</size>
         <input_file_ref idref="fl-10"/>
      </object_component>
      <object_component id="oc-f2">
         <name>PUTREADIDX</name>
         <uninitialized>true</uninitialized>
         <run_address>0x3f884</run_address>
         <size>0x4</size>
         <input_file_ref idref="fl-10"/>
      </object_component>
      <object_component id="oc-1bf">
         <name>PieVectTableFile</name>
         <uninitialized>true</uninitialized>
         <run_address>0xd00</run_address>
         <size>0x1c0</size>
         <input_file_ref idref="fl-21"/>
      </object_component>
      <object_component id="oc-18c">
         <name>AccessProtectionRegsFile</name>
         <uninitialized>true</uninitialized>
         <run_address>0x5f4c0</run_address>
         <size>0x2e</size>
         <input_file_ref idref="fl-21"/>
      </object_component>
      <object_component id="oc-1a2">
         <name>AdcaRegsFile</name>
         <uninitialized>true</uninitialized>
         <run_address>0x7400</run_address>
         <size>0x7c</size>
         <input_file_ref idref="fl-21"/>
      </object_component>
      <object_component id="oc-1a4">
         <name>AdcbRegsFile</name>
         <uninitialized>true</uninitialized>
         <run_address>0x7480</run_address>
         <size>0x7c</size>
         <input_file_ref idref="fl-21"/>
      </object_component>
      <object_component id="oc-1a5">
         <name>AdccRegsFile</name>
         <uninitialized>true</uninitialized>
         <run_address>0x7500</run_address>
         <size>0x7c</size>
         <input_file_ref idref="fl-21"/>
      </object_component>
      <object_component id="oc-1a6">
         <name>AdcdRegsFile</name>
         <uninitialized>true</uninitialized>
         <run_address>0x7580</run_address>
         <size>0x7c</size>
         <input_file_ref idref="fl-21"/>
      </object_component>
      <object_component id="oc-164">
         <name>AdcaResultRegsFile</name>
         <uninitialized>true</uninitialized>
         <run_address>0xb00</run_address>
         <size>0x18</size>
         <input_file_ref idref="fl-21"/>
      </object_component>
      <object_component id="oc-165">
         <name>AdcbResultRegsFile</name>
         <uninitialized>true</uninitialized>
         <run_address>0xb20</run_address>
         <size>0x18</size>
         <input_file_ref idref="fl-21"/>
      </object_component>
      <object_component id="oc-166">
         <name>AdccResultRegsFile</name>
         <uninitialized>true</uninitialized>
         <run_address>0xb40</run_address>
         <size>0x18</size>
         <input_file_ref idref="fl-21"/>
      </object_component>
      <object_component id="oc-167">
         <name>AdcdResultRegsFile</name>
         <uninitialized>true</uninitialized>
         <run_address>0xb60</run_address>
         <size>0x18</size>
         <input_file_ref idref="fl-21"/>
      </object_component>
      <object_component id="oc-190">
         <name>AnalogSubsysRegsFile</name>
         <uninitialized>true</uninitialized>
         <run_address>0x5d180</run_address>
         <size>0x3e</size>
         <input_file_ref idref="fl-21"/>
      </object_component>
      <object_component id="oc-1bb">
         <name>CanaRegsFile</name>
         <uninitialized>true</uninitialized>
         <run_address>0x48000</run_address>
         <size>0x164</size>
         <input_file_ref idref="fl-21"/>
      </object_component>
      <object_component id="oc-1bc">
         <name>CanbRegsFile</name>
         <uninitialized>true</uninitialized>
         <run_address>0x4a000</run_address>
         <size>0x164</size>
         <input_file_ref idref="fl-21"/>
      </object_component>
      <object_component id="oc-191">
         <name>Cla1RegsFile</name>
         <uninitialized>true</uninitialized>
         <run_address>0x1400</run_address>
         <size>0x3e</size>
         <input_file_ref idref="fl-21"/>
      </object_component>
      <object_component id="oc-1b6">
         <name>Clb1DataExchRegsFile</name>
         <uninitialized>true</uninitialized>
         <run_address>0x3200</run_address>
         <size>0x108</size>
         <input_file_ref idref="fl-21"/>
      </object_component>
      <object_component id="oc-1b7">
         <name>Clb2DataExchRegsFile</name>
         <uninitialized>true</uninitialized>
         <run_address>0x3600</run_address>
         <size>0x108</size>
         <input_file_ref idref="fl-21"/>
      </object_component>
      <object_component id="oc-1b8">
         <name>Clb3DataExchRegsFile</name>
         <uninitialized>true</uninitialized>
         <run_address>0x3a00</run_address>
         <size>0x108</size>
         <input_file_ref idref="fl-21"/>
      </object_component>
      <object_component id="oc-1b9">
         <name>Clb4DataExchRegsFile</name>
         <uninitialized>true</uninitialized>
         <run_address>0x3e00</run_address>
         <size>0x108</size>
         <input_file_ref idref="fl-21"/>
      </object_component>
      <object_component id="oc-192">
         <name>Clb1LogicCfgRegsFile</name>
         <uninitialized>true</uninitialized>
         <run_address>0x3000</run_address>
         <size>0x3e</size>
         <input_file_ref idref="fl-21"/>
      </object_component>
      <object_component id="oc-193">
         <name>Clb2LogicCfgRegsFile</name>
         <uninitialized>true</uninitialized>
         <run_address>0x3400</run_address>
         <size>0x3e</size>
         <input_file_ref idref="fl-21"/>
      </object_component>
      <object_component id="oc-194">
         <name>Clb3LogicCfgRegsFile</name>
         <uninitialized>true</uninitialized>
         <run_address>0x3800</run_address>
         <size>0x3e</size>
         <input_file_ref idref="fl-21"/>
      </object_component>
      <object_component id="oc-195">
         <name>Clb4LogicCfgRegsFile</name>
         <uninitialized>true</uninitialized>
         <run_address>0x3c00</run_address>
         <size>0x3e</size>
         <input_file_ref idref="fl-21"/>
      </object_component>
      <object_component id="oc-196">
         <name>Clb1LogicCtrlRegsFile</name>
         <uninitialized>true</uninitialized>
         <run_address>0x3100</run_address>
         <size>0x40</size>
         <input_file_ref idref="fl-21"/>
      </object_component>
      <object_component id="oc-197">
         <name>Clb2LogicCtrlRegsFile</name>
         <uninitialized>true</uninitialized>
         <run_address>0x3500</run_address>
         <size>0x40</size>
         <input_file_ref idref="fl-21"/>
      </object_component>
      <object_component id="oc-198">
         <name>Clb3LogicCtrlRegsFile</name>
         <uninitialized>true</uninitialized>
         <run_address>0x3900</run_address>
         <size>0x40</size>
         <input_file_ref idref="fl-21"/>
      </object_component>
      <object_component id="oc-199">
         <name>Clb4LogicCtrlRegsFile</name>
         <uninitialized>true</uninitialized>
         <run_address>0x3d00</run_address>
         <size>0x40</size>
         <input_file_ref idref="fl-21"/>
      </object_component>
      <object_component id="oc-19a">
         <name>ClbXbarRegsFile</name>
         <uninitialized>true</uninitialized>
         <run_address>0x7a40</run_address>
         <size>0x40</size>
         <input_file_ref idref="fl-21"/>
      </object_component>
      <object_component id="oc-18e">
         <name>ClkCfgRegsFile</name>
         <uninitialized>true</uninitialized>
         <run_address>0x5d200</run_address>
         <size>0x32</size>
         <input_file_ref idref="fl-21"/>
      </object_component>
      <object_component id="oc-171">
         <name>Cmpss1RegsFile</name>
         <uninitialized>true</uninitialized>
         <run_address>0x5c80</run_address>
         <size>0x1b</size>
         <input_file_ref idref="fl-21"/>
      </object_component>
      <object_component id="oc-172">
         <name>Cmpss2RegsFile</name>
         <uninitialized>true</uninitialized>
         <run_address>0x5ca0</run_address>
         <size>0x1b</size>
         <input_file_ref idref="fl-21"/>
      </object_component>
      <object_component id="oc-173">
         <name>Cmpss3RegsFile</name>
         <uninitialized>true</uninitialized>
         <run_address>0x5cc0</run_address>
         <size>0x1b</size>
         <input_file_ref idref="fl-21"/>
      </object_component>
      <object_component id="oc-174">
         <name>Cmpss4RegsFile</name>
         <uninitialized>true</uninitialized>
         <run_address>0x5ce0</run_address>
         <size>0x1b</size>
         <input_file_ref idref="fl-21"/>
      </object_component>
      <object_component id="oc-175">
         <name>Cmpss5RegsFile</name>
         <uninitialized>true</uninitialized>
         <run_address>0x5d00</run_address>
         <size>0x1b</size>
         <input_file_ref idref="fl-21"/>
      </object_component>
      <object_component id="oc-176">
         <name>Cmpss6RegsFile</name>
         <uninitialized>true</uninitialized>
         <run_address>0x5d20</run_address>
         <size>0x1b</size>
         <input_file_ref idref="fl-21"/>
      </object_component>
      <object_component id="oc-177">
         <name>Cmpss7RegsFile</name>
         <uninitialized>true</uninitialized>
         <run_address>0x5d40</run_address>
         <size>0x1b</size>
         <input_file_ref idref="fl-21"/>
      </object_component>
      <object_component id="oc-178">
         <name>Cmpss8RegsFile</name>
         <uninitialized>true</uninitialized>
         <run_address>0x5d60</run_address>
         <size>0x1b</size>
         <input_file_ref idref="fl-21"/>
      </object_component>
      <object_component id="oc-154">
         <name>CpuTimer0RegsFile</name>
         <uninitialized>true</uninitialized>
         <run_address>0xc00</run_address>
         <size>0x8</size>
         <input_file_ref idref="fl-21"/>
      </object_component>
      <object_component id="oc-155">
         <name>CpuTimer1RegsFile</name>
         <uninitialized>true</uninitialized>
         <run_address>0xc08</run_address>
         <size>0x8</size>
         <input_file_ref idref="fl-21"/>
      </object_component>
      <object_component id="oc-156">
         <name>CpuTimer2RegsFile</name>
         <uninitialized>true</uninitialized>
         <run_address>0xc10</run_address>
         <size>0x8</size>
         <input_file_ref idref="fl-21"/>
      </object_component>
      <object_component id="oc-1a7">
         <name>CpuSysRegsFile</name>
         <uninitialized>true</uninitialized>
         <run_address>0x5d300</run_address>
         <size>0x82</size>
         <input_file_ref idref="fl-21"/>
      </object_component>
      <object_component id="oc-150">
         <name>DacaRegsFile</name>
         <uninitialized>true</uninitialized>
         <run_address>0x5c00</run_address>
         <size>0x7</size>
         <input_file_ref idref="fl-21"/>
      </object_component>
      <object_component id="oc-151">
         <name>DacbRegsFile</name>
         <uninitialized>true</uninitialized>
         <run_address>0x5c10</run_address>
         <size>0x7</size>
         <input_file_ref idref="fl-21"/>
      </object_component>
      <object_component id="oc-152">
         <name>DaccRegsFile</name>
         <uninitialized>true</uninitialized>
         <run_address>0x5c20</run_address>
         <size>0x7</size>
         <input_file_ref idref="fl-21"/>
      </object_component>
      <object_component id="oc-14e">
         <name>DcsmCommonRegsFile</name>
         <uninitialized>true</uninitialized>
         <run_address>0x5f070</run_address>
         <size>0x6</size>
         <input_file_ref idref="fl-21"/>
      </object_component>
      <object_component id="oc-17b">
         <name>DcsmZ1RegsFile</name>
         <uninitialized>true</uninitialized>
         <run_address>0x5f000</run_address>
         <size>0x22</size>
         <input_file_ref idref="fl-21"/>
      </object_component>
      <object_component id="oc-17c">
         <name>DcsmZ2RegsFile</name>
         <uninitialized>true</uninitialized>
         <run_address>0x5f040</run_address>
         <size>0x22</size>
         <input_file_ref idref="fl-21"/>
      </object_component>
      <object_component id="oc-1ba">
         <name>DevCfgRegsFile</name>
         <uninitialized>true</uninitialized>
         <run_address>0x5d000</run_address>
         <size>0x12e</size>
         <input_file_ref idref="fl-21"/>
      </object_component>
      <object_component id="oc-168">
         <name>DmaClaSrcSelRegsFile</name>
         <uninitialized>true</uninitialized>
         <run_address>0x7980</run_address>
         <size>0x1a</size>
         <input_file_ref idref="fl-21"/>
      </object_component>
      <object_component id="oc-1a8">
         <name>DmaRegsFile</name>
         <uninitialized>true</uninitialized>
         <run_address>0x1000</run_address>
         <size>0xe0</size>
         <input_file_ref idref="fl-21"/>
      </object_component>
      <object_component id="oc-169">
         <name>ECap1RegsFile</name>
         <uninitialized>true</uninitialized>
         <run_address>0x5000</run_address>
         <size>0x1a</size>
         <input_file_ref idref="fl-21"/>
      </object_component>
      <object_component id="oc-16b">
         <name>ECap2RegsFile</name>
         <uninitialized>true</uninitialized>
         <run_address>0x5020</run_address>
         <size>0x1a</size>
         <input_file_ref idref="fl-21"/>
      </object_component>
      <object_component id="oc-16c">
         <name>ECap3RegsFile</name>
         <uninitialized>true</uninitialized>
         <run_address>0x5040</run_address>
         <size>0x1a</size>
         <input_file_ref idref="fl-21"/>
      </object_component>
      <object_component id="oc-16d">
         <name>ECap4RegsFile</name>
         <uninitialized>true</uninitialized>
         <run_address>0x5060</run_address>
         <size>0x1a</size>
         <input_file_ref idref="fl-21"/>
      </object_component>
      <object_component id="oc-16e">
         <name>ECap5RegsFile</name>
         <uninitialized>true</uninitialized>
         <run_address>0x5080</run_address>
         <size>0x1a</size>
         <input_file_ref idref="fl-21"/>
      </object_component>
      <object_component id="oc-16f">
         <name>ECap6RegsFile</name>
         <uninitialized>true</uninitialized>
         <run_address>0x50a0</run_address>
         <size>0x1a</size>
         <input_file_ref idref="fl-21"/>
      </object_component>
      <object_component id="oc-157">
         <name>Emif1ConfigRegsFile</name>
         <uninitialized>true</uninitialized>
         <run_address>0x5f480</run_address>
         <size>0xa</size>
         <input_file_ref idref="fl-21"/>
      </object_component>
      <object_component id="oc-158">
         <name>Emif2ConfigRegsFile</name>
         <uninitialized>true</uninitialized>
         <run_address>0x5f4a0</run_address>
         <size>0xa</size>
         <input_file_ref idref="fl-21"/>
      </object_component>
      <object_component id="oc-188">
         <name>Emif1RegsFile</name>
         <uninitialized>true</uninitialized>
         <run_address>0x47000</run_address>
         <size>0x28</size>
         <input_file_ref idref="fl-21"/>
      </object_component>
      <object_component id="oc-189">
         <name>Emif2RegsFile</name>
         <uninitialized>true</uninitialized>
         <run_address>0x47800</run_address>
         <size>0x28</size>
         <input_file_ref idref="fl-21"/>
      </object_component>
      <object_component id="oc-1a9">
         <name>EPwm1RegsFile</name>
         <uninitialized>true</uninitialized>
         <run_address>0x4000</run_address>
         <size>0x100</size>
         <input_file_ref idref="fl-21"/>
      </object_component>
      <object_component id="oc-1ab">
         <name>EPwm2RegsFile</name>
         <uninitialized>true</uninitialized>
         <run_address>0x4100</run_address>
         <size>0x100</size>
         <input_file_ref idref="fl-21"/>
      </object_component>
      <object_component id="oc-1ac">
         <name>EPwm3RegsFile</name>
         <uninitialized>true</uninitialized>
         <run_address>0x4200</run_address>
         <size>0x100</size>
         <input_file_ref idref="fl-21"/>
      </object_component>
      <object_component id="oc-1ad">
         <name>EPwm4RegsFile</name>
         <uninitialized>true</uninitialized>
         <run_address>0x4300</run_address>
         <size>0x100</size>
         <input_file_ref idref="fl-21"/>
      </object_component>
      <object_component id="oc-1ae">
         <name>EPwm5RegsFile</name>
         <uninitialized>true</uninitialized>
         <run_address>0x4400</run_address>
         <size>0x100</size>
         <input_file_ref idref="fl-21"/>
      </object_component>
      <object_component id="oc-1af">
         <name>EPwm6RegsFile</name>
         <uninitialized>true</uninitialized>
         <run_address>0x4500</run_address>
         <size>0x100</size>
         <input_file_ref idref="fl-21"/>
      </object_component>
      <object_component id="oc-1b0">
         <name>EPwm7RegsFile</name>
         <uninitialized>true</uninitialized>
         <run_address>0x4600</run_address>
         <size>0x100</size>
         <input_file_ref idref="fl-21"/>
      </object_component>
      <object_component id="oc-1b1">
         <name>EPwm8RegsFile</name>
         <uninitialized>true</uninitialized>
         <run_address>0x4700</run_address>
         <size>0x100</size>
         <input_file_ref idref="fl-21"/>
      </object_component>
      <object_component id="oc-1b2">
         <name>EPwm9RegsFile</name>
         <uninitialized>true</uninitialized>
         <run_address>0x4800</run_address>
         <size>0x100</size>
         <input_file_ref idref="fl-21"/>
      </object_component>
      <object_component id="oc-1b3">
         <name>EPwm10RegsFile</name>
         <uninitialized>true</uninitialized>
         <run_address>0x4900</run_address>
         <size>0x100</size>
         <input_file_ref idref="fl-21"/>
      </object_component>
      <object_component id="oc-1b4">
         <name>EPwm11RegsFile</name>
         <uninitialized>true</uninitialized>
         <run_address>0x4a00</run_address>
         <size>0x100</size>
         <input_file_ref idref="fl-21"/>
      </object_component>
      <object_component id="oc-1b5">
         <name>EPwm12RegsFile</name>
         <uninitialized>true</uninitialized>
         <run_address>0x4b00</run_address>
         <size>0x100</size>
         <input_file_ref idref="fl-21"/>
      </object_component>
      <object_component id="oc-19b">
         <name>EPwmXbarRegsFile</name>
         <uninitialized>true</uninitialized>
         <run_address>0x7a00</run_address>
         <size>0x40</size>
         <input_file_ref idref="fl-21"/>
      </object_component>
      <object_component id="oc-17d">
         <name>EQep1RegsFile</name>
         <uninitialized>true</uninitialized>
         <run_address>0x5100</run_address>
         <size>0x22</size>
         <input_file_ref idref="fl-21"/>
      </object_component>
      <object_component id="oc-17f">
         <name>EQep2RegsFile</name>
         <uninitialized>true</uninitialized>
         <run_address>0x5140</run_address>
         <size>0x22</size>
         <input_file_ref idref="fl-21"/>
      </object_component>
      <object_component id="oc-180">
         <name>EQep3RegsFile</name>
         <uninitialized>true</uninitialized>
         <run_address>0x5180</run_address>
         <size>0x22</size>
         <input_file_ref idref="fl-21"/>
      </object_component>
      <object_component id="oc-1be">
         <name>Flash0CtrlRegsFile</name>
         <uninitialized>true</uninitialized>
         <run_address>0x5f800</run_address>
         <size>0x182</size>
         <input_file_ref idref="fl-21"/>
      </object_component>
      <object_component id="oc-18a">
         <name>Flash0EccRegsFile</name>
         <uninitialized>true</uninitialized>
         <run_address>0x5fb00</run_address>
         <size>0x28</size>
         <input_file_ref idref="fl-21"/>
      </object_component>
      <object_component id="oc-14b">
         <name>FlashPumpSemaphoreRegsFile</name>
         <uninitialized>true</uninitialized>
         <run_address>0x50024</run_address>
         <size>0x2</size>
         <input_file_ref idref="fl-21"/>
      </object_component>
      <object_component id="oc-1bd">
         <name>GpioCtrlRegsFile</name>
         <uninitialized>true</uninitialized>
         <run_address>0x7c00</run_address>
         <size>0x180</size>
         <input_file_ref idref="fl-21"/>
      </object_component>
      <object_component id="oc-18d">
         <name>GpioDataRegsFile</name>
         <uninitialized>true</uninitialized>
         <run_address>0x7f00</run_address>
         <size>0x30</size>
         <input_file_ref idref="fl-21"/>
      </object_component>
      <object_component id="oc-181">
         <name>I2caRegsFile</name>
         <uninitialized>true</uninitialized>
         <run_address>0x7300</run_address>
         <size>0x22</size>
         <input_file_ref idref="fl-21"/>
      </object_component>
      <object_component id="oc-183">
         <name>I2cbRegsFile</name>
         <uninitialized>true</uninitialized>
         <run_address>0x7340</run_address>
         <size>0x22</size>
         <input_file_ref idref="fl-21"/>
      </object_component>
      <object_component id="oc-179">
         <name>InputXbarRegsFile</name>
         <uninitialized>true</uninitialized>
         <run_address>0x7900</run_address>
         <size>0x20</size>
         <input_file_ref idref="fl-21"/>
      </object_component>
      <object_component id="oc-184">
         <name>IpcRegsFile</name>
         <uninitialized>true</uninitialized>
         <run_address>0x50000</run_address>
         <size>0x24</size>
         <input_file_ref idref="fl-21"/>
      </object_component>
      <object_component id="oc-18f">
         <name>MemoryErrorRegsFile</name>
         <uninitialized>true</uninitialized>
         <run_address>0x5f500</run_address>
         <size>0x3a</size>
         <input_file_ref idref="fl-21"/>
      </object_component>
      <object_component id="oc-1a1">
         <name>MemCfgRegsFile</name>
         <uninitialized>true</uninitialized>
         <run_address>0x5f400</run_address>
         <size>0x76</size>
         <input_file_ref idref="fl-21"/>
      </object_component>
      <object_component id="oc-185">
         <name>McbspaRegsFile</name>
         <uninitialized>true</uninitialized>
         <run_address>0x6000</run_address>
         <size>0x24</size>
         <input_file_ref idref="fl-21"/>
      </object_component>
      <object_component id="oc-187">
         <name>McbspbRegsFile</name>
         <uninitialized>true</uninitialized>
         <run_address>0x6040</run_address>
         <size>0x24</size>
         <input_file_ref idref="fl-21"/>
      </object_component>
      <object_component id="oc-153">
         <name>NmiIntruptRegsFile</name>
         <uninitialized>true</uninitialized>
         <run_address>0x7060</run_address>
         <size>0x7</size>
         <input_file_ref idref="fl-21"/>
      </object_component>
      <object_component id="oc-19c">
         <name>OutputXbarRegsFile</name>
         <uninitialized>true</uninitialized>
         <run_address>0x7a80</run_address>
         <size>0x40</size>
         <input_file_ref idref="fl-21"/>
      </object_component>
      <object_component id="oc-170">
         <name>PieCtrlRegsFile</name>
         <uninitialized>true</uninitialized>
         <run_address>0xce0</run_address>
         <size>0x1a</size>
         <input_file_ref idref="fl-21"/>
      </object_component>
      <object_component id="oc-14c">
         <name>RomPrefetchRegsFile</name>
         <uninitialized>true</uninitialized>
         <run_address>0x5e608</run_address>
         <size>0x2</size>
         <input_file_ref idref="fl-21"/>
      </object_component>
      <object_component id="oc-14d">
         <name>RomWaitStateRegsFile</name>
         <uninitialized>true</uninitialized>
         <run_address>0x5f540</run_address>
         <size>0x2</size>
         <input_file_ref idref="fl-21"/>
      </object_component>
      <object_component id="oc-15b">
         <name>SciaRegsFile</name>
         <uninitialized>true</uninitialized>
         <run_address>0x7200</run_address>
         <size>0x10</size>
         <input_file_ref idref="fl-21"/>
      </object_component>
      <object_component id="oc-15d">
         <name>ScibRegsFile</name>
         <uninitialized>true</uninitialized>
         <run_address>0x7210</run_address>
         <size>0x10</size>
         <input_file_ref idref="fl-21"/>
      </object_component>
      <object_component id="oc-15e">
         <name>ScicRegsFile</name>
         <uninitialized>true</uninitialized>
         <run_address>0x7220</run_address>
         <size>0x10</size>
         <input_file_ref idref="fl-21"/>
      </object_component>
      <object_component id="oc-15f">
         <name>ScidRegsFile</name>
         <uninitialized>true</uninitialized>
         <run_address>0x7230</run_address>
         <size>0x10</size>
         <input_file_ref idref="fl-21"/>
      </object_component>
      <object_component id="oc-19d">
         <name>Sdfm1RegsFile</name>
         <uninitialized>true</uninitialized>
         <run_address>0x5e00</run_address>
         <size>0x48</size>
         <input_file_ref idref="fl-21"/>
      </object_component>
      <object_component id="oc-19f">
         <name>Sdfm2RegsFile</name>
         <uninitialized>true</uninitialized>
         <run_address>0x5e80</run_address>
         <size>0x48</size>
         <input_file_ref idref="fl-21"/>
      </object_component>
      <object_component id="oc-160">
         <name>SpiaRegsFile</name>
         <uninitialized>true</uninitialized>
         <run_address>0x6100</run_address>
         <size>0x10</size>
         <input_file_ref idref="fl-21"/>
      </object_component>
      <object_component id="oc-162">
         <name>SpibRegsFile</name>
         <uninitialized>true</uninitialized>
         <run_address>0x6110</run_address>
         <size>0x10</size>
         <input_file_ref idref="fl-21"/>
      </object_component>
      <object_component id="oc-163">
         <name>SpicRegsFile</name>
         <uninitialized>true</uninitialized>
         <run_address>0x6120</run_address>
         <size>0x10</size>
         <input_file_ref idref="fl-21"/>
      </object_component>
      <object_component id="oc-14f">
         <name>SyncSocRegsFile</name>
         <uninitialized>true</uninitialized>
         <run_address>0x7940</run_address>
         <size>0x6</size>
         <input_file_ref idref="fl-21"/>
      </object_component>
      <object_component id="oc-1a0">
         <name>UppRegsFile</name>
         <uninitialized>true</uninitialized>
         <run_address>0x6200</run_address>
         <size>0x48</size>
         <input_file_ref idref="fl-21"/>
      </object_component>
      <object_component id="oc-18b">
         <name>WdRegsFile</name>
         <uninitialized>true</uninitialized>
         <run_address>0x7000</run_address>
         <size>0x2b</size>
         <input_file_ref idref="fl-21"/>
      </object_component>
      <object_component id="oc-15a">
         <name>XbarRegsFile</name>
         <uninitialized>true</uninitialized>
         <run_address>0x7920</run_address>
         <size>0xe</size>
         <input_file_ref idref="fl-21"/>
      </object_component>
      <object_component id="oc-159">
         <name>XintRegsFile</name>
         <uninitialized>true</uninitialized>
         <run_address>0x7070</run_address>
         <size>0xb</size>
         <input_file_ref idref="fl-21"/>
      </object_component>
      <object_component id="oc-9c">
         <name>.debug_info</name>
         <load_address>0x0</load_address>
         <run_address>0x0</run_address>
         <size>0x1de08</size>
         <input_file_ref idref="fl-2"/>
      </object_component>
      <object_component id="oc-ac">
         <name>.debug_info</name>
         <load_address>0x1de08</load_address>
         <run_address>0x1de08</run_address>
         <size>0x46be</size>
         <input_file_ref idref="fl-3"/>
      </object_component>
      <object_component id="oc-b4">
         <name>.debug_info</name>
         <load_address>0x224c6</load_address>
         <run_address>0x224c6</run_address>
         <size>0x157</size>
         <input_file_ref idref="fl-4"/>
      </object_component>
      <object_component id="oc-b7">
         <name>.debug_info</name>
         <load_address>0x2261d</load_address>
         <run_address>0x2261d</run_address>
         <size>0x842</size>
         <input_file_ref idref="fl-5"/>
      </object_component>
      <object_component id="oc-bf">
         <name>.debug_info</name>
         <load_address>0x22e5f</load_address>
         <run_address>0x22e5f</run_address>
         <size>0x117</size>
         <input_file_ref idref="fl-6"/>
      </object_component>
      <object_component id="oc-c2">
         <name>.debug_info</name>
         <load_address>0x22f76</load_address>
         <run_address>0x22f76</run_address>
         <size>0x3cb1</size>
         <input_file_ref idref="fl-7"/>
      </object_component>
      <object_component id="oc-c8">
         <name>.debug_info</name>
         <load_address>0x26c27</load_address>
         <run_address>0x26c27</run_address>
         <size>0x72f5</size>
         <input_file_ref idref="fl-8"/>
      </object_component>
      <object_component id="oc-cd">
         <name>.debug_info</name>
         <load_address>0x2df1c</load_address>
         <run_address>0x2df1c</run_address>
         <size>0x13e63</size>
         <input_file_ref idref="fl-9"/>
      </object_component>
      <object_component id="oc-d2">
         <name>.debug_info</name>
         <load_address>0x41d7f</load_address>
         <run_address>0x41d7f</run_address>
         <size>0xf3f1</size>
         <input_file_ref idref="fl-a"/>
      </object_component>
      <object_component id="oc-d7">
         <name>.debug_info</name>
         <load_address>0x51170</load_address>
         <run_address>0x51170</run_address>
         <size>0xf3f1</size>
         <input_file_ref idref="fl-b"/>
      </object_component>
      <object_component id="oc-dc">
         <name>.debug_info</name>
         <load_address>0x60561</load_address>
         <run_address>0x60561</run_address>
         <size>0x5555</size>
         <input_file_ref idref="fl-c"/>
      </object_component>
      <object_component id="oc-e1">
         <name>.debug_info</name>
         <load_address>0x65ab6</load_address>
         <run_address>0x65ab6</run_address>
         <size>0x1a046</size>
         <input_file_ref idref="fl-d"/>
      </object_component>
      <object_component id="oc-e6">
         <name>.debug_info</name>
         <load_address>0x7fafc</load_address>
         <run_address>0x7fafc</run_address>
         <size>0xf3f0</size>
         <input_file_ref idref="fl-e"/>
      </object_component>
      <object_component id="oc-eb">
         <name>.debug_info</name>
         <load_address>0x8eeec</load_address>
         <run_address>0x8eeec</run_address>
         <size>0x164d</size>
         <input_file_ref idref="fl-f"/>
      </object_component>
      <object_component id="oc-f0">
         <name>.debug_info</name>
         <load_address>0x90539</load_address>
         <run_address>0x90539</run_address>
         <size>0x19ce</size>
         <input_file_ref idref="fl-10"/>
      </object_component>
      <object_component id="oc-fb">
         <name>.debug_info</name>
         <load_address>0x91f07</load_address>
         <run_address>0x91f07</run_address>
         <size>0x48ec</size>
         <input_file_ref idref="fl-11"/>
      </object_component>
      <object_component id="oc-100">
         <name>.debug_info</name>
         <load_address>0x967f3</load_address>
         <run_address>0x967f3</run_address>
         <size>0x17d71</size>
         <input_file_ref idref="fl-12"/>
      </object_component>
      <object_component id="oc-105">
         <name>.debug_info</name>
         <load_address>0xae564</load_address>
         <run_address>0xae564</run_address>
         <size>0x10c93</size>
         <input_file_ref idref="fl-13"/>
      </object_component>
      <object_component id="oc-10a">
         <name>.debug_info</name>
         <load_address>0xbf1f7</load_address>
         <run_address>0xbf1f7</run_address>
         <size>0x3588</size>
         <input_file_ref idref="fl-14"/>
      </object_component>
      <object_component id="oc-10f">
         <name>.debug_info</name>
         <load_address>0xc277f</load_address>
         <run_address>0xc277f</run_address>
         <size>0x6740</size>
         <input_file_ref idref="fl-15"/>
      </object_component>
      <object_component id="oc-114">
         <name>.debug_info</name>
         <load_address>0xc8ebf</load_address>
         <run_address>0xc8ebf</run_address>
         <size>0x1a8</size>
         <input_file_ref idref="fl-16"/>
      </object_component>
      <object_component id="oc-116">
         <name>.debug_info</name>
         <load_address>0xc9067</load_address>
         <run_address>0xc9067</run_address>
         <size>0xfcd8</size>
         <input_file_ref idref="fl-17"/>
      </object_component>
      <object_component id="oc-11b">
         <name>.debug_info</name>
         <load_address>0xd8d3f</load_address>
         <run_address>0xd8d3f</run_address>
         <size>0xccae</size>
         <input_file_ref idref="fl-18"/>
      </object_component>
      <object_component id="oc-120">
         <name>.debug_info</name>
         <load_address>0xe59ed</load_address>
         <run_address>0xe59ed</run_address>
         <size>0x4efe</size>
         <input_file_ref idref="fl-19"/>
      </object_component>
      <object_component id="oc-126">
         <name>.debug_info</name>
         <load_address>0xea8eb</load_address>
         <run_address>0xea8eb</run_address>
         <size>0x10993</size>
         <input_file_ref idref="fl-1a"/>
      </object_component>
      <object_component id="oc-12b">
         <name>.debug_info</name>
         <load_address>0xfb27e</load_address>
         <run_address>0xfb27e</run_address>
         <size>0x2a09</size>
         <input_file_ref idref="fl-1b"/>
      </object_component>
      <object_component id="oc-130">
         <name>.debug_info</name>
         <load_address>0xfdc87</load_address>
         <run_address>0xfdc87</run_address>
         <size>0x342e</size>
         <input_file_ref idref="fl-1c"/>
      </object_component>
      <object_component id="oc-137">
         <name>.debug_info</name>
         <load_address>0x1010b5</load_address>
         <run_address>0x1010b5</run_address>
         <size>0x1fbe</size>
         <input_file_ref idref="fl-1d"/>
      </object_component>
      <object_component id="oc-13c">
         <name>.debug_info</name>
         <load_address>0x103073</load_address>
         <run_address>0x103073</run_address>
         <size>0x10312</size>
         <input_file_ref idref="fl-1e"/>
      </object_component>
      <object_component id="oc-140">
         <name>.debug_info</name>
         <load_address>0x113385</load_address>
         <run_address>0x113385</run_address>
         <size>0x11a</size>
         <input_file_ref idref="fl-1f"/>
      </object_component>
      <object_component id="oc-143">
         <name>.debug_info</name>
         <load_address>0x11349f</load_address>
         <run_address>0x11349f</run_address>
         <size>0x113a</size>
         <input_file_ref idref="fl-20"/>
      </object_component>
      <object_component id="oc-14a">
         <name>.debug_info</name>
         <load_address>0x1145d9</load_address>
         <run_address>0x1145d9</run_address>
         <size>0x57309</size>
         <input_file_ref idref="fl-21"/>
      </object_component>
      <object_component id="oc-1c3">
         <name>.debug_info</name>
         <load_address>0x16b8e2</load_address>
         <run_address>0x16b8e2</run_address>
         <size>0x11f</size>
         <input_file_ref idref="fl-22"/>
      </object_component>
      <object_component id="oc-1ca">
         <name>.debug_info</name>
         <load_address>0x16ba01</load_address>
         <run_address>0x16ba01</run_address>
         <size>0x20f</size>
         <input_file_ref idref="fl-24"/>
      </object_component>
      <object_component id="oc-1d0">
         <name>.debug_info</name>
         <load_address>0x16bc10</load_address>
         <run_address>0x16bc10</run_address>
         <size>0x1de</size>
         <input_file_ref idref="fl-25"/>
      </object_component>
      <object_component id="oc-1d5">
         <name>.debug_info</name>
         <load_address>0x16bdee</load_address>
         <run_address>0x16bdee</run_address>
         <size>0x114</size>
         <input_file_ref idref="fl-26"/>
      </object_component>
      <object_component id="oc-1d9">
         <name>.debug_info</name>
         <load_address>0x16bf02</load_address>
         <run_address>0x16bf02</run_address>
         <size>0x111</size>
         <input_file_ref idref="fl-27"/>
      </object_component>
      <object_component id="oc-1de">
         <name>.debug_info</name>
         <load_address>0x16c013</load_address>
         <run_address>0x16c013</run_address>
         <size>0x117</size>
         <input_file_ref idref="fl-28"/>
      </object_component>
      <object_component id="oc-1e4">
         <name>.debug_info</name>
         <load_address>0x16c12a</load_address>
         <run_address>0x16c12a</run_address>
         <size>0x117</size>
         <input_file_ref idref="fl-29"/>
      </object_component>
      <object_component id="oc-1e9">
         <name>.debug_info</name>
         <load_address>0x16c241</load_address>
         <run_address>0x16c241</run_address>
         <size>0x111</size>
         <input_file_ref idref="fl-2a"/>
      </object_component>
      <object_component id="oc-1ee">
         <name>.debug_info</name>
         <load_address>0x16c352</load_address>
         <run_address>0x16c352</run_address>
         <size>0x111</size>
         <input_file_ref idref="fl-2b"/>
      </object_component>
      <object_component id="oc-1f1">
         <name>.debug_info</name>
         <load_address>0x16c463</load_address>
         <run_address>0x16c463</run_address>
         <size>0x7ee</size>
         <input_file_ref idref="fl-2c"/>
      </object_component>
      <object_component id="oc-1f6">
         <name>.debug_info</name>
         <load_address>0x16cc51</load_address>
         <run_address>0x16cc51</run_address>
         <size>0xcf2</size>
         <input_file_ref idref="fl-2d"/>
      </object_component>
      <object_component id="oc-1fb">
         <name>.debug_info</name>
         <load_address>0x16d943</load_address>
         <run_address>0x16d943</run_address>
         <size>0x8e45</size>
         <input_file_ref idref="fl-2e"/>
      </object_component>
      <object_component id="oc-200">
         <name>.debug_info</name>
         <load_address>0x176788</load_address>
         <run_address>0x176788</run_address>
         <size>0x94f</size>
         <input_file_ref idref="fl-2f"/>
      </object_component>
      <object_component id="oc-205">
         <name>.debug_info</name>
         <load_address>0x1770d7</load_address>
         <run_address>0x1770d7</run_address>
         <size>0x150a6</size>
         <input_file_ref idref="fl-30"/>
      </object_component>
      <object_component id="oc-20a">
         <name>.debug_info</name>
         <load_address>0x18c17d</load_address>
         <run_address>0x18c17d</run_address>
         <size>0x12789</size>
         <input_file_ref idref="fl-31"/>
      </object_component>
      <object_component id="oc-20f">
         <name>.debug_info</name>
         <load_address>0x19e906</load_address>
         <run_address>0x19e906</run_address>
         <size>0x179bc</size>
         <input_file_ref idref="fl-32"/>
      </object_component>
      <object_component id="oc-214">
         <name>.debug_info</name>
         <load_address>0x1b62c2</load_address>
         <run_address>0x1b62c2</run_address>
         <size>0x119b9</size>
         <input_file_ref idref="fl-33"/>
      </object_component>
      <object_component id="oc-219">
         <name>.debug_info</name>
         <load_address>0x1c7c7b</load_address>
         <run_address>0x1c7c7b</run_address>
         <size>0x6ac</size>
         <input_file_ref idref="fl-34"/>
      </object_component>
      <object_component id="oc-220">
         <name>.debug_info</name>
         <load_address>0x1c8327</load_address>
         <run_address>0x1c8327</run_address>
         <size>0x173</size>
         <input_file_ref idref="fl-45"/>
      </object_component>
      <object_component id="oc-225">
         <name>.debug_info</name>
         <load_address>0x1c849a</load_address>
         <run_address>0x1c849a</run_address>
         <size>0x176</size>
         <input_file_ref idref="fl-46"/>
      </object_component>
      <object_component id="oc-229">
         <name>.debug_info</name>
         <load_address>0x1c8610</load_address>
         <run_address>0x1c8610</run_address>
         <size>0x561</size>
         <input_file_ref idref="fl-47"/>
      </object_component>
      <object_component id="oc-22e">
         <name>.debug_info</name>
         <load_address>0x1c8b71</load_address>
         <run_address>0x1c8b71</run_address>
         <size>0x43a</size>
         <input_file_ref idref="fl-48"/>
      </object_component>
      <object_component id="oc-233">
         <name>.debug_info</name>
         <load_address>0x1c8fab</load_address>
         <run_address>0x1c8fab</run_address>
         <size>0x3ad</size>
         <input_file_ref idref="fl-49"/>
      </object_component>
      <object_component id="oc-238">
         <name>.debug_info</name>
         <load_address>0x1c9358</load_address>
         <run_address>0x1c9358</run_address>
         <size>0x3aa</size>
         <input_file_ref idref="fl-4a"/>
      </object_component>
      <object_component id="oc-23d">
         <name>.debug_info</name>
         <load_address>0x1c9702</load_address>
         <run_address>0x1c9702</run_address>
         <size>0x544</size>
         <input_file_ref idref="fl-4b"/>
      </object_component>
      <object_component id="oc-244">
         <name>.debug_info</name>
         <load_address>0x1c9c46</load_address>
         <run_address>0x1c9c46</run_address>
         <size>0x4cc</size>
         <input_file_ref idref="fl-4c"/>
      </object_component>
      <object_component id="oc-249">
         <name>.debug_info</name>
         <load_address>0x1ca112</load_address>
         <run_address>0x1ca112</run_address>
         <size>0x467</size>
         <input_file_ref idref="fl-4d"/>
[...]
      <symbol id="sm-722">
         <name>_AnalogSubsysRegs</name>
         <value>0x5d180</value>
         <object_component_ref idref="oc-190"/>
      </symbol>
      <symbol id="sm-723">
         <name>_Cmpss3Regs</name>
         <value>0x5cc0</value>
         <object_component_ref idref="oc-173"/>
      </symbol>
      <symbol id="sm-724">
         <name>_DaccRegs</name>
         <value>0x5c20</value>
         <object_component_ref idref="oc-152"/>
      </symbol>
      <symbol id="sm-725">
         <name>_PieCtrlRegs</name>
         <value>0xce0</value>
         <object_component_ref idref="oc-170"/>
      </symbol>
      <symbol id="sm-726">
         <name>_DevCfgRegs</name>
         <value>0x5d000</value>
         <object_component_ref idref="oc-1ba"/>
      </symbol>
      <symbol id="sm-727">
         <name>_SpibRegs</name>
         <value>0x6110</value>
         <object_component_ref idref="oc-162"/>
      </symbol>
      <symbol id="sm-728">
         <name>_Clb1LogicCtrlRegs</name>
         <value>0x3100</value>
         <object_component_ref idref="oc-196"/>
      </symbol>
      <symbol id="sm-729">
         <name>_AdccRegs</name>
         <value>0x7500</value>
         <object_component_ref idref="oc-1a5"/>
      </symbol>
      <symbol id="sm-72a">
         <name>_ScicRegs</name>
         <value>0x7220</value>
         <object_component_ref idref="oc-15e"/>
      </symbol>
      <symbol id="sm-72b">
         <name>_ECap1Regs</name>
         <value>0x5000</value>
         <object_component_ref idref="oc-169"/>
      </symbol>
      <symbol id="sm-72c">
         <name>_OutputXbarRegs</name>
         <value>0x7a80</value>
         <object_component_ref idref="oc-19c"/>
      </symbol>
      <symbol id="sm-72d">
         <name>_MemoryErrorRegs</name>
         <value>0x5f500</value>
         <object_component_ref idref="oc-18f"/>
      </symbol>
      <symbol id="sm-72e">
         <name>_Cla1Regs</name>
         <value>0x1400</value>
         <object_component_ref idref="oc-191"/>
      </symbol>
      <symbol id="sm-72f">
         <name>_EQep1Regs</name>
         <value>0x5100</value>
         <object_component_ref idref="oc-17d"/>
      </symbol>
      <symbol id="sm-730">
         <name>_DacbRegs</name>
         <value>0x5c10</value>
         <object_component_ref idref="oc-151"/>
      </symbol>
      <symbol id="sm-731">
         <name>_Clb2DataExchRegs</name>
         <value>0x3600</value>
         <object_component_ref idref="oc-1b7"/>
      </symbol>
      <symbol id="sm-732">
         <name>_Clb4LogicCfgRegs</name>
         <value>0x3c00</value>
         <object_component_ref idref="oc-195"/>
      </symbol>
      <symbol id="sm-733">
         <name>_McbspaRegs</name>
         <value>0x6000</value>
         <object_component_ref idref="oc-185"/>
      </symbol>
      <symbol id="sm-734">
         <name>_EPwm1Regs</name>
         <value>0x4000</value>
         <object_component_ref idref="oc-1a9"/>
      </symbol>
      <symbol id="sm-735">
         <name>_Clb3LogicCtrlRegs</name>
         <value>0x3900</value>
         <object_component_ref idref="oc-198"/>
      </symbol>
      <symbol id="sm-736">
         <name>_AdcbRegs</name>
         <value>0x7480</value>
         <object_component_ref idref="oc-1a4"/>
      </symbol>
      <symbol id="sm-737">
         <name>_ScibRegs</name>
         <value>0x7210</value>
         <object_component_ref idref="oc-15d"/>
      </symbol>
      <symbol id="sm-738">
         <name>_AdcaResultRegs</name>
         <value>0xb00</value>
         <object_component_ref idref="oc-164"/>
      </symbol>
      <symbol id="sm-739">
         <name>_ECap2Regs</name>
         <value>0x5020</value>
         <object_component_ref idref="oc-16b"/>
      </symbol>
      <symbol id="sm-73a">
         <name>_EPwm12Regs</name>
         <value>0x4b00</value>
         <object_component_ref idref="oc-1b5"/>
      </symbol>
      <symbol id="sm-73b">
         <name>_AdcbResultRegs</name>
         <value>0xb20</value>
         <object_component_ref idref="oc-165"/>
      </symbol>
      <symbol id="sm-73c">
         <name>_Clb1LogicCfgRegs</name>
         <value>0x3000</value>
         <object_component_ref idref="oc-192"/>
      </symbol>
      <symbol id="sm-73d">
         <name>_AdccResultRegs</name>
         <value>0xb40</value>
         <object_component_ref idref="oc-166"/>
      </symbol>
      <symbol id="sm-73e">
         <name>_Emif1ConfigRegs</name>
         <value>0x5f480</value>
         <object_component_ref idref="oc-157"/>
      </symbol>
      <symbol id="sm-73f">
         <name>_Sdfm2Regs</name>
         <value>0x5e80</value>
         <object_component_ref idref="oc-19f"/>
      </symbol>
      <symbol id="sm-740">
         <name>_AdcdResultRegs</name>
         <value>0xb60</value>
         <object_component_ref idref="oc-167"/>
      </symbol>
      <symbol id="sm-741">
         <name>_EQep2Regs</name>
         <value>0x5140</value>
         <object_component_ref idref="oc-17f"/>
      </symbol>
      <symbol id="sm-742">
         <name>_Cmpss1Regs</name>
         <value>0x5c80</value>
         <object_component_ref idref="oc-171"/>
      </symbol>
      <symbol id="sm-743">
         <name>_EPwm8Regs</name>
         <value>0x4700</value>
         <object_component_ref idref="oc-1b1"/>
      </symbol>
      <symbol id="sm-744">
         <name>_Emif2ConfigRegs</name>
         <value>0x5f4a0</value>
         <object_component_ref idref="oc-158"/>
      </symbol>
      <symbol id="sm-745">
         <name>_DcsmCommonRegs</name>
         <value>0x5f070</value>
         <object_component_ref idref="oc-14e"/>
      </symbol>
      <symbol id="sm-746">
         <name>_EPwm2Regs</name>
         <value>0x4100</value>
         <object_component_ref idref="oc-1ab"/>
      </symbol>
      <symbol id="sm-747">
         <name>_ECap3Regs</name>
         <value>0x5040</value>
         <object_component_ref idref="oc-16c"/>
      </symbol>
      <symbol id="sm-748">
         <name>_Cmpss8Regs</name>
         <value>0x5d60</value>
         <object_component_ref idref="oc-178"/>
      </symbol>
      <symbol id="sm-749">
         <name>_EQep3Regs</name>
         <value>0x5180</value>
         <object_component_ref idref="oc-180"/>
      </symbol>
      <symbol id="sm-74a">
         <name>_SyncSocRegs</name>
         <value>0x7940</value>
         <object_component_ref idref="oc-14f"/>
      </symbol>
      <symbol id="sm-74b">
         <name>_EPwm9Regs</name>
         <value>0x4800</value>
         <object_component_ref idref="oc-1b2"/>
      </symbol>
      <symbol id="sm-74c">
         <name>_NmiIntruptRegs</name>
         <value>0x7060</value>
         <object_component_ref idref="oc-153"/>
      </symbol>
      <symbol id="sm-74d">
         <name>_EPwm3Regs</name>
         <value>0x4200</value>
         <object_component_ref idref="oc-1ac"/>
      </symbol>
      <symbol id="sm-74e">
         <name>_I2caRegs</name>
         <value>0x7300</value>
         <object_component_ref idref="oc-181"/>
      </symbol>
      <symbol id="sm-75c">
         <name>_CFFT_f32_mag_TMU0</name>
         <value>0x9c06</value>
         <object_component_ref idref="oc-1c1"/>
      </symbol>
      <symbol id="sm-760">
         <name>_FPU32CFFTtwiddleFactors</name>
         <value>0x10000</value>
         <object_component_ref idref="oc-1c6"/>
      </symbol>
      <symbol id="sm-761">
         <name>_CFFT_f32_twiddleFactors</name>
         <value>0x10000</value>
         <object_component_ref idref="oc-1c6"/>
      </symbol>
      <symbol id="sm-791">
         <name>_CFFT_f32t</name>
         <value>0x94ce</value>
         <object_component_ref idref="oc-1c7"/>
      </symbol>
      <symbol id="sm-7ba">
         <name>_ICFFT_f32t</name>
         <value>0x9670</value>
         <object_component_ref idref="oc-1cd"/>
      </symbol>
      <symbol id="sm-7c8">
         <name>_RFFT_f32_win</name>
         <value>0x9d2e</value>
         <object_component_ref idref="oc-1d3"/>
      </symbol>
      <symbol id="sm-7da">
         <name>_CFFT_f32_pack</name>
         <value>0x9bb4</value>
         <object_component_ref idref="oc-1d8"/>
      </symbol>
      <symbol id="sm-7ec">
         <name>_CFFT_f32_unpack</name>
         <value>0x9af8</value>
         <object_component_ref idref="oc-1dd"/>
      </symbol>
      <symbol id="sm-7f9">
         <name>_maxidx_SP_RV_2</name>
         <value>0x9db8</value>
         <object_component_ref idref="oc-1e2"/>
      </symbol>
      <symbol id="sm-806">
         <name>_memcpy_fast</name>
         <value>0x9ddc</value>
         <object_component_ref idref="oc-1e7"/>
      </symbol>
      <symbol id="sm-813">
         <name>_memset_fast</name>
         <value>0x9de3</value>
         <object_component_ref idref="oc-1ec"/>
      </symbol>
      <symbol id="sm-824">
         <name>_init_cbuff</name>
         <value>0x99ed</value>
         <object_component_ref idref="oc-25b"/>
      </symbol>
      <symbol id="sm-826">
         <name>_write_cbuff</name>
         <value>0x9a08</value>
         <object_component_ref idref="oc-25b"/>
      </symbol>
      <symbol id="sm-828">
         <name>_read_cbuff</name>
         <value>0x9a4b</value>
         <object_component_ref idref="oc-25b"/>
      </symbol>
      <symbol id="sm-835">
         <name>_linput_volctl</name>
         <value>0x9c58</value>
         <object_component_ref idref="oc-277"/>
      </symbol>
      <symbol id="sm-837">
         <name>_rinput_volctl</name>
         <value>0x9c5e</value>
         <object_component_ref idref="oc-277"/>
      </symbol>
      <symbol id="sm-839">
         <name>_USBsampleratecontrol</name>
         <value>0x9c85</value>
         <object_component_ref idref="oc-277"/>
      </symbol>
      <symbol id="sm-83b">
         <name>_aaudpath</name>
         <value>0x9c73</value>
         <object_component_ref idref="oc-277"/>
      </symbol>
      <symbol id="sm-83d">
         <name>_DSP16digaudinterface</name>
         <value>0x9c7c</value>
         <object_component_ref idref="oc-277"/>
      </symbol>
      <symbol id="sm-83f">
         <name>_reset</name>
         <value>0x9c94</value>
         <object_component_ref idref="oc-277"/>
      </symbol>
      <symbol id="sm-841">
         <name>_DSP32digaudinterface</name>
         <value>0x9c79</value>
         <object_component_ref idref="oc-277"/>
      </symbol>
      <symbol id="sm-843">
         <name>_I2S16digaudinterface</name>
         <value>0x9c82</value>
         <object_component_ref idref="oc-277"/>
      </symbol>
      <symbol id="sm-845">
         <name>_digact</name>
         <value>0x9c91</value>
         <object_component_ref idref="oc-277"/>
      </symbol>
      <symbol id="sm-847">
         <name>_lhp_volctl</name>
         <value>0x9c64</value>
         <object_component_ref idref="oc-277"/>
      </symbol>
      <symbol id="sm-849">
         <name>_rhp_volctl</name>
         <value>0x9c6a</value>
         <object_component_ref idref="oc-277"/>
      </symbol>
      <symbol id="sm-84b">
         <name>_nomicpowerup</name>
         <value>0x9c55</value>
         <object_component_ref idref="oc-277"/>
      </symbol>
      <symbol id="sm-84d">
         <name>_softpowerdown</name>
         <value>0x9c4f</value>
         <object_component_ref idref="oc-277"/>
      </symbol>
      <symbol id="sm-84f">
         <name>_digaudiopath</name>
         <value>0x9c76</value>
         <object_component_ref idref="oc-277"/>
      </symbol>
      <symbol id="sm-851">
         <name>_fullpowerup</name>
         <value>0x9c52</value>
         <object_component_ref idref="oc-277"/>
      </symbol>
      <symbol id="sm-853">
         <name>_I2S32digaudinterface</name>
         <value>0x9c7f</value>
         <object_component_ref idref="oc-277"/>
      </symbol>
      <symbol id="sm-855">
         <name>_nomicaaudpath</name>
         <value>0x9c70</value>
         <object_component_ref idref="oc-277"/>
      </symbol>
      <symbol id="sm-857">
         <name>_CLKsampleratecontrol</name>
         <value>0x9c8b</value>
         <object_component_ref idref="oc-277"/>
      </symbol>
      <symbol id="sm-864">
         <name>_init_DMA_pingpong</name>
         <value>0x9c97</value>
         <object_component_ref idref="oc-26c"/>
      </symbol>
      <symbol id="sm-87c">
         <name>_Write_Command_Reg</name>
         <value>0x9aa8</value>
         <object_component_ref idref="oc-275"/>
      </symbol>
      <symbol id="sm-87e">
         <name>_Write_Char_String</name>
         <value>0x9adb</value>
         <object_component_ref idref="oc-275"/>
      </symbol>
      <symbol id="sm-880">
         <name>_Initialize_LCD</name>
         <value>0x9ab7</value>
         <object_component_ref idref="oc-275"/>
      </symbol>
      <symbol id="sm-894">
         <name>_DIP_Input</name>
         <value>0x98a0</value>
         <object_component_ref idref="oc-26f"/>
      </symbol>
      <symbol id="sm-896">
         <name>_Write_LED</name>
         <value>0x9839</value>
         <object_component_ref idref="oc-26f"/>
      </symbol>
      <symbol id="sm-898">
         <name>_buttonPressed</name>
         <value>0x9874</value>
         <object_component_ref idref="oc-26f"/>
      </symbol>
      <symbol id="sm-89a">
         <name>_LED_Input_Init</name>
         <value>0x9800</value>
         <object_component_ref idref="oc-26f"/>
      </symbol>
      <symbol id="sm-89c">
         <name>_Get_Input</name>
         <value>0x984c</value>
         <object_component_ref idref="oc-26f"/>
      </symbol>
      <symbol id="sm-8af">
         <name>_I2C_O2O_SendBytes</name>
         <value>0x99b9</value>
         <object_component_ref idref="oc-274"/>
      </symbol>
      <symbol id="sm-8b1">
         <name>_I2C_O2O_Master_Init</name>
         <value>0x9995</value>
         <object_component_ref idref="oc-274"/>
      </symbol>
      <symbol id="sm-8f0">
         <name>_RamRead_16</name>
         <value>0x914b</value>
         <object_component_ref idref="oc-270"/>
      </symbol>
      <symbol id="sm-8f2">
         <name>_RamWrite_16</name>
         <value>0x91a1</value>
         <object_component_ref idref="oc-270"/>
      </symbol>
      <symbol id="sm-8f4">
         <name>_SPIB_Init</name>
         <value>0x902c</value>
         <object_component_ref idref="oc-270"/>
      </symbol>
      <symbol id="sm-8f6">
         <name>_Read_Mode_Register</name>
         <value>0x91f7</value>
         <object_component_ref idref="oc-270"/>
      </symbol>
      <symbol id="sm-8f8">
         <name>_RamRead</name>
         <value>0x9063</value>
         <object_component_ref idref="oc-270"/>
      </symbol>
      <symbol id="sm-8fa">
         <name>_RamClear</name>
         <value>0x9301</value>
         <object_component_ref idref="oc-270"/>
      </symbol>
      <symbol id="sm-8fc">
         <name>_Write_Mode_Register</name>
         <value>0x921d</value>
         <object_component_ref idref="oc-270"/>
      </symbol>
      <symbol id="sm-8fe">
         <name>_RamWrite_16_constant</name>
         <value>0x92ad</value>
         <object_component_ref idref="oc-270"/>
      </symbol>
      <symbol id="sm-900">
         <name>_RamWrite</name>
         <value>0x90d8</value>
         <object_component_ref idref="oc-270"/>
      </symbol>
      <symbol id="sm-902">
         <name>_RamWrite_constant</name>
         <value>0x9243</value>
         <object_component_ref idref="oc-270"/>
      </symbol>
      <symbol id="sm-950">
         <name>_SpiaTransmit</name>
         <value>0x87dc</value>
         <object_component_ref idref="oc-26e"/>
      </symbol>
      <symbol id="sm-952">
         <name>_InitSPIA</name>
         <value>0x87a0</value>
         <object_component_ref idref="oc-26e"/>
      </symbol>
      <symbol id="sm-954">
         <name>_InitMcBSPb</name>
         <value>0x869a</value>
         <object_component_ref idref="oc-26e"/>
      </symbol>
      <symbol id="sm-956">
         <name>_InitAIC23</name>
         <value>0x84aa</value>
         <object_component_ref idref="oc-26e"/>
      </symbol>
      <symbol id="sm-958">
         <name>_InitAIC23_mic</name>
         <value>0x85a2</value>
         <object_component_ref idref="oc-26e"/>
      </symbol>
      <symbol id="sm-965">
         <name>_Initialize_Launchpad</name>
         <value>0x9d53</value>
         <object_component_ref idref="oc-26b"/>
      </symbol>
      <symbol id="sm-967">
         <name>_Initialize_Interrupts</name>
         <value>0x9d6b</value>
         <object_component_ref idref="oc-26b"/>
      </symbol>
      <symbol id="sm-983">
         <name>_c_int00</name>
         <value>0x9b5d</value>
         <object_component_ref idref="oc-9b"/>
      </symbol>
      <symbol id="sm-984">
         <name>__stack</name>
         <value>0x400</value>
         <object_component_ref idref="oc-21e"/>
      </symbol>
      <symbol id="sm-990">
         <name>LL$$AND</name>
         <value>0x87e7</value>
         <object_component_ref idref="oc-224"/>
      </symbol>
      <symbol id="sm-991">
         <name>LL$$OR</name>
         <value>0x87ef</value>
         <object_component_ref idref="oc-224"/>
      </symbol>
      <symbol id="sm-992">
         <name>LL$$XOR</name>
         <value>0x87f7</value>
         <object_component_ref idref="oc-224"/>
      </symbol>
      <symbol id="sm-9a1">
         <name>_copy_in</name>
         <value>0x9d77</value>
         <object_component_ref idref="oc-254"/>
      </symbol>
      <symbol id="sm-9b3">
         <name>_memcpy</name>
         <value>0x9d9b</value>
         <object_component_ref idref="oc-266"/>
      </symbol>
      <symbol id="sm-9c0">
         <name>__system_pre_init</name>
         <value>0xb7fe</value>
         <object_component_ref idref="oc-253"/>
      </symbol>
      <symbol id="sm-9ce">
         <name>__system_post_cinit</name>
         <value>0x87ff</value>
         <object_component_ref idref="oc-255"/>
      </symbol>
      <symbol id="sm-9e3">
         <name>C$$EXIT</name>
         <value>0xb7c9</value>
         <object_component_ref idref="oc-257"/>
      </symbol>
      <symbol id="sm-9e4">
         <name>_exit</name>
         <value>0xb7cb</value>
         <object_component_ref idref="oc-257"/>
      </symbol>
      <symbol id="sm-9e6">
         <name>___TI_cleanup_ptr</name>
         <value>0xaaaa</value>
         <object_component_ref idref="oc-23f"/>
      </symbol>
      <symbol id="sm-9e7">
         <name>___TI_enable_exit_profile_output</name>
         <value>0xaaa8</value>
         <object_component_ref idref="oc-23f"/>
      </symbol>
      <symbol id="sm-9e8">
         <name>_abort</name>
         <value>0xb7c9</value>
         <object_component_ref idref="oc-257"/>
      </symbol>
      <symbol id="sm-9ea">
         <name>___TI_dtors_ptr</name>
         <value>0xaaac</value>
         <object_component_ref idref="oc-23f"/>
      </symbol>
      <symbol id="sm-9fe">
         <name>__unlock</name>
         <value>0xaac0</value>
         <object_component_ref idref="oc-279"/>
      </symbol>
      <symbol id="sm-9ff">
         <name>__lock</name>
         <value>0xaabe</value>
         <object_component_ref idref="oc-268"/>
      </symbol>
      <symbol id="sm-a00">
         <name>__register_lock</name>
         <value>0xb7f6</value>
         <object_component_ref idref="oc-271"/>
      </symbol>
      <symbol id="sm-a02">
         <name>__nop</name>
         <value>0xb7fa</value>
         <object_component_ref idref="oc-271"/>
      </symbol>
      <symbol id="sm-a04">
         <name>__register_unlock</name>
         <value>0xb7f2</value>
         <object_component_ref idref="oc-271"/>
      </symbol>
      <symbol id="sm-a14">
         <name>__args_main</name>
         <value>0x97e9</value>
         <object_component_ref idref="oc-256"/>
      </symbol>
   </symbol_table>
   <title>Link successful</title>
</link_info>
